2026-01-21 10:49:00,972 -  nornir.core -     INFO -        run() - Running task 'tarea_enviar_comando' with args {'comando': 'show version'} on 1 hosts
2026-01-21 10:49:08,991 -  nornir.core -     INFO -        run() - Running task 'tarea_enviar_comando' with args {'comando': 'show interface'} on 1 hosts
2026-01-21 10:49:14,269 -  nornir.core -     INFO -        run() - Running task 'tarea_enviar_comando' with args {'comando': 'show version'} on 1 hosts
2026-01-21 11:08:19,047 -  nornir.core -     INFO -        run() - Running task 'tarea_enviar_comando' with args {'comando': 'show version'} on 1 hosts
2026-01-21 11:11:47,670 -  nornir.core -     INFO -        run() - Running task 'tarea_enviar_comando' with args {'comando': 'terminal length 0'} on 1 hosts
2026-01-21 11:11:51,446 -  nornir.core -     INFO -        run() - Running task 'tarea_enviar_comando' with args {'comando': 'terminal length 0'} on 1 hosts
2026-01-21 11:11:52,457 -  nornir.core -     INFO -        run() - Running task 'tarea_enviar_comando' with args {'comando': 'terminal length 0'} on 1 hosts
2026-01-21 11:11:58,881 -  nornir.core -     INFO -        run() - Running task 'tarea_enviar_comando' with args {'comando': 'terminal length 0'} on 1 hosts
2026-01-21 11:12:00,365 -  nornir.core -     INFO -        run() - Running task 'tarea_enviar_comando' with args {'comando': 'show version'} on 1 hosts
2026-01-21 11:12:01,406 -  nornir.core -     INFO -        run() - Running task 'tarea_enviar_comando' with args {'comando': 'show version'} on 1 hosts
2026-01-21 11:28:29,064 -  nornir.core -     INFO -        run() - Running task 'tarea_enviar_comando' with args {'comando': 'show version'} on 1 hosts
2026-01-21 11:29:55,450 -  nornir.core -     INFO -        run() - Running task 'tarea_enviar_comando' with args {'comando': 'show interface'} on 1 hosts
2026-01-21 11:30:52,354 -  nornir.core -     INFO -        run() - Running task 'tarea_enviar_comando' with args {'comando': 'show interface descrip'} on 1 hosts
2026-01-21 11:32:07,366 -  nornir.core -     INFO -        run() - Running task 'tarea_enviar_comando' with args {'comando': 'show version'} on 1 hosts
2026-01-21 13:29:20,712 -  nornir.core -     INFO -        run() - Running task 'tarea_enviar_comando' with args {'comando': 'show version'} on 1 hosts
2026-01-21 13:31:43,146 -  nornir.core -     INFO -        run() - Running task 'tarea_enviar_comando' with args {'comando': 'show version'} on 2 hosts
2026-01-21 13:32:31,216 -  nornir.core -     INFO -        run() - Running task 'tarea_enviar_comando' with args {'comando': 'show version'} on 2 hosts
2026-01-22 15:16:31,127 -  nornir.core -     INFO -        run() - Running task 'close_connections_task' with args {} on 2 hosts
2026-01-22 15:41:48,756 -  nornir.core -     INFO -        run() - Running task 'close_connections_task' with args {} on 2 hosts
2026-01-22 15:42:00,861 -  nornir.core -     INFO -        run() - Running task 'tarea_enviar_comando' with args {'comando': 'show version'} on 2 hosts
2026-01-22 15:44:07,475 -  nornir.core -     INFO -        run() - Running task 'close_connections_task' with args {} on 2 hosts
2026-01-22 15:48:39,513 -  nornir.core -     INFO -        run() - Running task 'tarea_enviar_comando' with args {'comando': 'show version'} on 2 hosts
2026-01-29 11:51:13,762 -  nornir.core -     INFO -        run() - Running task 'tarea_enviar_comando' with args {'comando': 'show version'} on 5 hosts
2026-01-29 11:52:21,718 -  nornir.core -     INFO -        run() - Running task 'tarea_enviar_comando' with args {'comando': 'show version'} on 5 hosts
2026-01-29 11:52:41,744 -  nornir.core -     INFO -        run() - Running task 'tarea_enviar_comando' with args {'comando': 'show interface descrip'} on 5 hosts
